2026-06-30 00:40:17 - Opening Chrome headless...
2026-06-30 00:41:30 - Opening Chrome headless...
2026-06-30 00:43:16 - Opening Chrome...
2026-06-30 00:43:27 - Not logged in. Opening visible browser for manual login...
2026-06-30 00:43:33 - Please log in via Google in the browser window (once only)
2026-06-30 00:43:33 - Waiting up to 5 minutes...
2026-06-30 00:43:35 -   Waiting... (0s)
2026-06-30 00:44:05 -   Waiting... (30s)
2026-06-30 00:44:35 -   Waiting... (60s)
2026-06-30 00:45:05 -   Waiting... (90s)
2026-06-30 00:45:35 -   Waiting... (120s)
2026-06-30 00:46:05 -   Waiting... (150s)
2026-06-30 00:46:19 - Login detected!
2026-06-30 00:46:19 - Token refreshed for abdalhlimgomah2@gmail.com, expires 2026-07-01 00:46:50
2026-06-30 00:46:19 - Failed: 'supabase' is not recognized as an internal or external command,
operable program or batch file.

2026-06-30 00:46:26 - Browser closed
2026-06-30 00:46:26 - ==================================================
2026-06-30 00:47:55 - Opening Chrome...
2026-06-30 00:48:06 - Token refreshed for abdalhlimgomah2@gmail.com, expires 2026-07-01 00:46:50
2026-06-30 00:48:10 - Supabase secrets updated!
2026-06-30 00:48:19 - Browser closed
2026-06-30 00:48:19 - ==================================================
2026-06-30 00:54:48 - Opening Chrome...
2026-06-30 00:54:56 - Token refreshed for abdalhlimgomah2@gmail.com, expires 2026-07-01 00:46:50
2026-06-30 00:54:58 - Supabase secrets updated!
2026-06-30 00:54:58 - auth.config.js updated too!
2026-06-30 00:55:00 - Browser closed
2026-06-30 00:55:00 - ==================================================
2026-07-01 03:40:59 - Opening Chrome...
2026-07-01 03:41:54 - Opening Chrome...
2026-07-01 03:43:17 - Token refreshed for abdalhlimgomah2@gmail.com, expires 2026-07-01 00:46:50
2026-07-01 03:44:09 - Supabase secrets updated!
2026-07-01 03:44:09 - auth.config.js updated too!
2026-07-01 03:44:18 - Browser closed
2026-07-01 03:44:18 - ==================================================
2026-07-01 03:48:29 - Opening Chrome...
2026-07-01 03:48:43 - Not logged in. Opening visible browser for manual login...
2026-07-01 03:48:55 - Please log in via Google in the browser window or refresh Taager session
2026-07-01 03:48:55 - Waiting up to 5 minutes...
2026-07-01 03:48:57 -   Waiting... (0s)
2026-07-01 03:49:12 - Login detected!
2026-07-01 03:49:12 - Token refreshed for abdalhlimgomah2@gmail.com, expires 2026-07-02 03:49:42
2026-07-01 03:49:14 - Failed: 259 | `),XIH=(H,A)=>{let $=H.stack.split(`
260 | `),L=`${A}[cause]: ${$[0]}`;for(let D=1,I=$.length;D<I;D++)L+=`
261 | ${A}${$[D]}`;if(H.cause)L+=` {
262 | ${XIH(H.cause,`${A}  `)}
263 | ${A}}`;return L},LK=`~effect/Fiber/${rN}`,ktH={_A:mH,_E:mH},htH={id:0},X8=()=>globalThis[Z4];class Uv{constructor(H,A=!0){this[LK]=ktH,this.setContext(H),this.id=++htH.id,this.currentOpCount=0,this.currentLoopCount=0,this.interruptible=A,this._stack=[],this._observers=[],this._exit=void 0,this._children=void 0,this._interruptedCause=void 0,this._yielded=void 0,this.runtimeMetrics?.recordFiberStart(this.context)}[LK];id;interruptible;currentOpCount;currentLoopCount;_stack;_observers;_exit;_currentExit;_children;_interruptedCause;_yielded;context;currentScheduler;currentTracerContext;currentSpan;currentLogLevel;minimumLogLevel;currentStackFrame;runtimeMetrics;maxOpsBeforeYield;currentPreventYield;_dispatcher=void 0;get currentDispatcher(){return this._dispatcher??=this.currentScheduler.makeDispatcher()}getRef(H){return Jh(this.context,H)}addObserver(H){if(this._exit)return H(this._exit),dI;return this._observers.push(H),()=>{let A=this._observers.indexOf(H);if(A>=0)this._observers.splice(A,1)}}interruptUnsafe(H
264 |   at ${$}`}return A}function rK(H){switch(H._tag){case"InvalidType":case"OneOf":case"Composite":case"AnyOf":return oK(H.ast.annotations);case"InvalidValue":case"Forbidden":return oK(H.annotations);case"MissingKey":return oK(H.annotations,"messageMissingKey");case"UnexpectedKey":return oK(H.ast.annotations,"messageUnexpectedKey");case"Filter":return oK(H.filter.annotations);case"Encoding":return rK(H.issue)}}function oK(H,A="message"){let $=H?.[A];if(typeof $==="string")return $}function n_H(H){if(VA(H))return"no value provided";return JA(H.value)}function SF(H){switch(H._tag){case"MissingKey":return H;case"Forbidden":return new ZJ(CD(H.actual,O0),H.annotations);case"Filter":return new KF(O0(H.actual),H.filter,SF(H.issue));case"Pointer":return new GL(H.path,SF(H.issue));case"Encoding":case"InvalidType":case"InvalidValue":case"Composite":return new c$(CD(H.actual,O0));case"AnyOf":case"OneOf":case"UnexpectedKey":return new c$(AH(O0(H.actual)))}}class c_ extends IX{run;constructor(H){super();this.run=H}map(H){ret

error: Unknown: FileSystem.writeFile (C:\Users\BODa\.supabase\telemetry.json.tmp.19295b1d-5a03-4ec4-9a1b-8c31d72fc958)
       _tag: "PlatformError",
 ~effect/platform/PlatformError: "~effect/platform/PlatformError",

      at mE (B:/~BUN/root/supabase.exe:264:38247)
      at <anonymous> (B:/~BUN/root/supabase.exe:271:16157)

259 | `),XIH=(H,A)=>{let $=H.stack.split(`
260 | `),L=`${A}[cause]: ${$[0]}`;for(let D=1,I=$.length;D<I;D++)L+=`
261 | ${A}${$[D]}`;if(H.cause)L+=` {
262 | ${XIH(H.cause,`${A}  `)}
263 | ${A}}`;return L},LK=`~effect/Fiber/${rN}`,ktH={_A:mH,_E:mH},htH={id:0},X8=()=>globalThis[Z4];class Uv{constructor(H,A=!0){this[LK]=ktH,this.setContext(H),this.id=++htH.id,this.currentOpCount=0,this.currentLoopCount=0,this.interruptible=A,this._stack=[],this._observers=[],this._exit=void 0,this._children=void 0,this._interruptedCause=void 0,this._yielded=void 0,this.runtimeMetrics?.recordFiberStart(this.context)}[LK];id;interruptible;currentOpCount;currentLoopCount;_stack;_observers;_exit;_currentExit;_children;_interruptedCause;_yielded;context;currentScheduler;currentTracerContext;currentSpan;currentLogLevel;minimumLogLevel;currentStackFrame;runtimeMetrics;maxOpsBeforeYield;currentPreventYield;_dispatcher=void 0;get currentDispatcher(){return this._dispatcher??=this.currentScheduler.makeDispatcher()}getRef(H){return Jh(this.context,H)}addObserver(H){if(this._exit)return H(this._exit),dI;return this._observers.push(H),()=>{let A=this._observers.indexOf(H);if(A>=0)this._observers.splice(A,1)}}interruptUnsafe(H
264 |   at ${$}`}return A}function rK(H){switch(H._tag){case"InvalidType":case"OneOf":case"Composite":case"AnyOf":return oK(H.ast.annotations);case"InvalidValue":case"Forbidden":return oK(H.annotations);case"MissingKey":return oK(H.annotations,"messageMissingKey");case"UnexpectedKey":return oK(H.ast.annotations,"messageUnexpectedKey");case"Filter":return oK(H.filter.annotations);case"Encoding":return rK(H.issue)}}function oK(H,A="message"){let $=H?.[A];if(typeof $==="string")return $}function n_H(H){if(VA(H))return"no value provided";return JA(H.value)}function SF(H){switch(H._tag){case"MissingKey":return H;case"Forbidden":return new ZJ(CD(H.actual,O0),H.annotations);case"Filter":return new KF(O0(H.actual),H.filter,SF(H.issue));case"Pointer":return new GL(H.path,SF(H.issue));case"Encoding":case"InvalidType":case"InvalidValue":case"Composite":return new c$(CD(H.actual,O0));case"AnyOf":case"OneOf":case"UnexpectedKey":return new c$(AH(O0(H.actual)))}}class c_ extends IX{run;constructor(H){super();this.run=H}map(H){ret

error: Unknown: FileSystem.writeFile (C:\Users\BODa\.supabase\telemetry.json.tmp.19295b1d-5a03-4ec4-9a1b-8c31d72fc958)
       _tag: "Unknown",
     module: "FileSystem",
     method: "writeFile",
 pathOrDescriptor: "C:\\Users\\BODa\\.supabase\\telemetry.json.tmp.19295b1d-5a03-4ec4-9a1b-8c31d72fc958",
    syscall: "open",

      at mE (B:/~BUN/root/supabase.exe:264:38254)
      at <anonymous> (B:/~BUN/root/supabase.exe:271:16157)

EPERM: operation not permitted, open 'C:\Users\BODa\.supabase\telemetry.json.tmp.19295b1d-5a03-4ec4-9a1b-8c31d72fc958'
    path: "C:\\Users\\BODa\\.supabase\\telemetry.json.tmp.19295b1d-5a03-4ec4-9a1b-8c31d72fc958",
 syscall: "open",
   errno: -1,
    code: "EPERM"


EPERM: operation not permitted, open 'C:\Users\BODa\.supabase\telemetry.json.tmp.19295b1d-5a03-4ec4-9a1b-8c31d72fc958'
    path: "C:\\Users\\BODa\\.supabase\\telemetry.json.tmp.19295b1d-5a03-4ec4-9a1b-8c31d72fc958",
 syscall: "open",
   errno: -1,
    code: "EPERM"


Bun v1.3.13 (Windows x64 baseline)

2026-07-01 03:49:20 - Browser closed
2026-07-01 03:49:21 - ==================================================
2026-07-01 04:29:08 - Opening Chrome...
2026-07-01 04:29:52 - Token refreshed for abdalhlimgomah2@gmail.com, expires 2026-07-02 03:49:42
2026-07-01 04:29:57 - Failed: 259 | `),XIH=(H,A)=>{let $=H.stack.split(`
260 | `),L=`${A}[cause]: ${$[0]}`;for(let D=1,I=$.length;D<I;D++)L+=`
261 | ${A}${$[D]}`;if(H.cause)L+=` {
262 | ${XIH(H.cause,`${A}  `)}
263 | ${A}}`;return L},LK=`~effect/Fiber/${rN}`,ktH={_A:mH,_E:mH},htH={id:0},X8=()=>globalThis[Z4];class Uv{constructor(H,A=!0){this[LK]=ktH,this.setContext(H),this.id=++htH.id,this.currentOpCount=0,this.currentLoopCount=0,this.interruptible=A,this._stack=[],this._observers=[],this._exit=void 0,this._children=void 0,this._interruptedCause=void 0,this._yielded=void 0,this.runtimeMetrics?.recordFiberStart(this.context)}[LK];id;interruptible;currentOpCount;currentLoopCount;_stack;_observers;_exit;_currentExit;_children;_interruptedCause;_yielded;context;currentScheduler;currentTracerContext;currentSpan;currentLogLevel;minimumLogLevel;currentStackFrame;runtimeMetrics;maxOpsBeforeYield;currentPreventYield;_dispatcher=void 0;get currentDispatcher(){return this._dispatcher??=this.currentScheduler.makeDispatcher()}getRef(H){return Jh(this.context,H)}addObserver(H){if(this._exit)return H(this._exit),dI;return this._observers.push(H),()=>{let A=this._observers.indexOf(H);if(A>=0)this._observers.splice(A,1)}}interruptUnsafe(H
264 |   at ${$}`}return A}function rK(H){switch(H._tag){case"InvalidType":case"OneOf":case"Composite":case"AnyOf":return oK(H.ast.annotations);case"InvalidValue":case"Forbidden":return oK(H.annotations);case"MissingKey":return oK(H.annotations,"messageMissingKey");case"UnexpectedKey":return oK(H.ast.annotations,"messageUnexpectedKey");case"Filter":return oK(H.filter.annotations);case"Encoding":return rK(H.issue)}}function oK(H,A="message"){let $=H?.[A];if(typeof $==="string")return $}function n_H(H){if(VA(H))return"no value provided";return JA(H.value)}function SF(H){switch(H._tag){case"MissingKey":return H;case"Forbidden":return new ZJ(CD(H.actual,O0),H.annotations);case"Filter":return new KF(O0(H.actual),H.filter,SF(H.issue));case"Pointer":return new GL(H.path,SF(H.issue));case"Encoding":case"InvalidType":case"InvalidValue":case"Composite":return new c$(CD(H.actual,O0));case"AnyOf":case"OneOf":case"UnexpectedKey":return new c$(AH(O0(H.actual)))}}class c_ extends IX{run;constructor(H){super();this.run=H}map(H){ret

error: Unknown: FileSystem.writeFile (C:\Users\BODa\.supabase\telemetry.json.tmp.2e07b323-0ae6-4faf-888d-4bd2789f0aa1)
       _tag: "PlatformError",
 ~effect/platform/PlatformError: "~effect/platform/PlatformError",

      at mE (B:/~BUN/root/supabase.exe:264:38247)
      at <anonymous> (B:/~BUN/root/supabase.exe:271:16157)

259 | `),XIH=(H,A)=>{let $=H.stack.split(`
260 | `),L=`${A}[cause]: ${$[0]}`;for(let D=1,I=$.length;D<I;D++)L+=`
261 | ${A}${$[D]}`;if(H.cause)L+=` {
262 | ${XIH(H.cause,`${A}  `)}
263 | ${A}}`;return L},LK=`~effect/Fiber/${rN}`,ktH={_A:mH,_E:mH},htH={id:0},X8=()=>globalThis[Z4];class Uv{constructor(H,A=!0){this[LK]=ktH,this.setContext(H),this.id=++htH.id,this.currentOpCount=0,this.currentLoopCount=0,this.interruptible=A,this._stack=[],this._observers=[],this._exit=void 0,this._children=void 0,this._interruptedCause=void 0,this._yielded=void 0,this.runtimeMetrics?.recordFiberStart(this.context)}[LK];id;interruptible;currentOpCount;currentLoopCount;_stack;_observers;_exit;_currentExit;_children;_interruptedCause;_yielded;context;currentScheduler;currentTracerContext;currentSpan;currentLogLevel;minimumLogLevel;currentStackFrame;runtimeMetrics;maxOpsBeforeYield;currentPreventYield;_dispatcher=void 0;get currentDispatcher(){return this._dispatcher??=this.currentScheduler.makeDispatcher()}getRef(H){return Jh(this.context,H)}addObserver(H){if(this._exit)return H(this._exit),dI;return this._observers.push(H),()=>{let A=this._observers.indexOf(H);if(A>=0)this._observers.splice(A,1)}}interruptUnsafe(H
264 |   at ${$}`}return A}function rK(H){switch(H._tag){case"InvalidType":case"OneOf":case"Composite":case"AnyOf":return oK(H.ast.annotations);case"InvalidValue":case"Forbidden":return oK(H.annotations);case"MissingKey":return oK(H.annotations,"messageMissingKey");case"UnexpectedKey":return oK(H.ast.annotations,"messageUnexpectedKey");case"Filter":return oK(H.filter.annotations);case"Encoding":return rK(H.issue)}}function oK(H,A="message"){let $=H?.[A];if(typeof $==="string")return $}function n_H(H){if(VA(H))return"no value provided";return JA(H.value)}function SF(H){switch(H._tag){case"MissingKey":return H;case"Forbidden":return new ZJ(CD(H.actual,O0),H.annotations);case"Filter":return new KF(O0(H.actual),H.filter,SF(H.issue));case"Pointer":return new GL(H.path,SF(H.issue));case"Encoding":case"InvalidType":case"InvalidValue":case"Composite":return new c$(CD(H.actual,O0));case"AnyOf":case"OneOf":case"UnexpectedKey":return new c$(AH(O0(H.actual)))}}class c_ extends IX{run;constructor(H){super();this.run=H}map(H){ret

error: Unknown: FileSystem.writeFile (C:\Users\BODa\.supabase\telemetry.json.tmp.2e07b323-0ae6-4faf-888d-4bd2789f0aa1)
       _tag: "Unknown",
     module: "FileSystem",
     method: "writeFile",
 pathOrDescriptor: "C:\\Users\\BODa\\.supabase\\telemetry.json.tmp.2e07b323-0ae6-4faf-888d-4bd2789f0aa1",
    syscall: "open",

      at mE (B:/~BUN/root/supabase.exe:264:38254)
      at <anonymous> (B:/~BUN/root/supabase.exe:271:16157)

EPERM: operation not permitted, open 'C:\Users\BODa\.supabase\telemetry.json.tmp.2e07b323-0ae6-4faf-888d-4bd2789f0aa1'
    path: "C:\\Users\\BODa\\.supabase\\telemetry.json.tmp.2e07b323-0ae6-4faf-888d-4bd2789f0aa1",
 syscall: "open",
   errno: -1,
    code: "EPERM"


EPERM: operation not permitted, open 'C:\Users\BODa\.supabase\telemetry.json.tmp.2e07b323-0ae6-4faf-888d-4bd2789f0aa1'
    path: "C:\\Users\\BODa\\.supabase\\telemetry.json.tmp.2e07b323-0ae6-4faf-888d-4bd2789f0aa1",
 syscall: "open",
   errno: -1,
    code: "EPERM"


Bun v1.3.13 (Windows x64 baseline)

2026-07-01 04:30:01 - Browser closed
2026-07-01 04:30:01 - ==================================================
2026-07-01 04:32:46 - Opening Chrome...
2026-07-01 04:32:58 - Not logged in. Opening visible browser for manual login...
2026-07-01 04:33:14 - Please log in via Google in the browser window or refresh Taager session
2026-07-01 04:33:14 - Waiting up to 5 minutes...
2026-07-01 04:33:16 - Login detected!
2026-07-01 04:33:16 - Token refreshed for abdalhlimgomah2@gmail.com, expires 2026-07-02 03:49:42
2026-07-01 04:34:11 - Supabase secrets updated!
2026-07-01 04:34:11 - auth.config.js updated too!
2026-07-01 04:34:15 - Browser closed
2026-07-01 04:34:15 - ==================================================
2026-07-10 05:07:14 - Opening Chrome...
2026-07-10 05:07:52 - Not logged in. Opening visible browser for manual login...
2026-07-10 05:08:00 - Please log in via Google in the browser window or refresh Taager session
2026-07-10 05:08:00 - Waiting up to 5 minutes...
2026-07-10 05:08:02 -   Waiting... (0s)
2026-07-10 05:08:32 -   Waiting... (30s)
2026-07-10 05:09:03 -   Waiting... (60s)
2026-07-10 05:09:13 - Login detected!
2026-07-10 05:09:13 - Token refreshed for abdalhlimgomah2@gmail.com, expires 2026-07-11 05:09:47
2026-07-10 05:09:16 - Supabase secrets updated!
2026-07-10 05:09:16 - auth.config.js updated too!
2026-07-10 05:09:20 - Browser closed
2026-07-10 05:09:20 - ==================================================
